==============================================================================
TestDemo7 :: To Validate Login Form                                           
==============================================================================
Validate Login Form                                                   | PASS |
------------------------------------------------------------------------------
TestDemo7 :: To Validate Login Form                                   | PASS |
1 test, 1 passed, 0 failed
==============================================================================
Output:  C:\Users\Sagar\PycharmProjects\PythonProject\Test\pabot_results\0\output.xml
